<html>
<body>
<pre>
<h1>µVision Build Log</h1>
<h2>Project:</h2>
E:\v23be6p7\arm\TEST\RX_NODE_B\Node_B.uvproj
Project File Date:  05/05/2024

<h2>Output:</h2>
Build target 'Target 1'
assembling Startup.s...
compiling nodeB_interrupt.c...
compiling Node_B_main.c...
Node_B_main.c(116): warning:  #1-D: last line of file ends without a newline
compiling Delay.c...
compiling can2_nodeb_driver.c...
linking...
Program Size: Code=2444 RO-data=72 RW-data=20 ZI-data=1276  
FromELF: creating hex file...
"Node_B.axf" - 0 Error(s), 1 Warning(s).
